// added a character to the history!
// added a character to the history!
// added a character to the history!
-16.0
똯// generated a character! prob of generation: -16.0
// added a character to the history!
// added a character to the history!
// added a character to the history!
// added a character to the history!
// added a character to the history!
// added a character to the history!
// added a character to the history!
// added a character to the history!
// added a character to the history!
-16.0
诮// generated a character! prob of generation: -16.0
